{"timestamp":"2026-08-24T08:21:04.315701Z","level":"info","event":"::group::Pre Execute","logger":"task","filename":"task_runner.py","lineno":2412}
{"timestamp":"2026-08-24T08:21:07.250129Z","level":"info","event":"DAG bundles loaded: dags-folder","try_number":1,"map_index":-1,"task_id":"ingest_cdc","run_id":"manual__2026-08-24T08:21:03.374044+00:00","dag_id":"orchestrate","ti_id":"01a032db-d730-7a91-856f-30116a887318","logger":"airflow.dag_processing.bundles.manager.DagBundlesManager","filename":"manager.py","lineno":304}
{"timestamp":"2026-08-24T08:21:07.253898Z","level":"info","event":"Filling up the DagBag from /opt/airflow/dags/orchestrate.py","try_number":1,"map_index":-1,"task_id":"ingest_cdc","run_id":"manual__2026-08-24T08:21:03.374044+00:00","dag_id":"orchestrate","ti_id":"01a032db-d730-7a91-856f-30116a887318","logger":"airflow.dag_processing.dagbag.BundleDagBag","filename":"dagbag.py","lineno":460}
{"timestamp":"2026-08-24T08:21:07.927718Z","level":"info","event":"Worker startup parse complete","bundle_name":"dags-folder","bundle_version":null,"dag_file":"orchestrate.py","dag_id":"orchestrate","bundle_prepare_ms":4,"dag_file_parse_ms":674,"try_number":1,"map_index":-1,"task_id":"ingest_cdc","run_id":"manual__2026-08-24T08:21:03.374044+00:00","ti_id":"01a032db-d730-7a91-856f-30116a887318","logger":"task","filename":"task_runner.py","lineno":1073}
{"timestamp":"2026-08-24T08:21:07.953653Z","level":"info","event":"::endgroup::","try_number":1,"map_index":-1,"task_id":"ingest_cdc","run_id":"manual__2026-08-24T08:21:03.374044+00:00","dag_id":"orchestrate","ti_id":"01a032db-d730-7a91-856f-30116a887318","logger":"task","filename":"task_runner.py","lineno":2232}
{"timestamp":"2026-08-24T08:21:10.176176Z","level":"info","event":"Job run status: RunLifeCycleState.RUNNING, result state: None","logger":"task.stdout"}
{"timestamp":"2026-08-24T08:21:15.541875Z","level":"info","event":"Job run status: RunLifeCycleState.RUNNING, result state: None","logger":"task.stdout"}
{"timestamp":"2026-08-24T08:21:20.914868Z","level":"info","event":"Job run status: RunLifeCycleState.RUNNING, result state: None","logger":"task.stdout"}
{"timestamp":"2026-08-24T08:21:26.252595Z","level":"info","event":"Job run status: RunLifeCycleState.RUNNING, result state: None","logger":"task.stdout"}
{"timestamp":"2026-08-24T08:21:31.597005Z","level":"info","event":"Job run status: RunLifeCycleState.RUNNING, result state: None","logger":"task.stdout"}
{"timestamp":"2026-08-24T08:21:36.896015Z","level":"info","event":"Job run status: RunLifeCycleState.RUNNING, result state: None","logger":"task.stdout"}
{"timestamp":"2026-08-24T08:21:42.185633Z","level":"info","event":"Job run status: RunLifeCycleState.RUNNING, result state: None","logger":"task.stdout"}
{"timestamp":"2026-08-24T08:21:47.477424Z","level":"info","event":"Job run status: RunLifeCycleState.RUNNING, result state: None","logger":"task.stdout"}
{"timestamp":"2026-08-24T08:21:52.811027Z","level":"info","event":"Job run status: RunLifeCycleState.RUNNING, result state: None","logger":"task.stdout"}
{"timestamp":"2026-08-24T08:21:58.100597Z","level":"info","event":"Job run status: RunLifeCycleState.RUNNING, result state: None","logger":"task.stdout"}
{"timestamp":"2026-08-24T08:22:03.423487Z","level":"info","event":"Job run status: RunLifeCycleState.RUNNING, result state: None","logger":"task.stdout"}
{"timestamp":"2026-08-24T08:22:08.715069Z","level":"info","event":"Job run status: RunLifeCycleState.RUNNING, result state: None","logger":"task.stdout"}
{"timestamp":"2026-08-24T08:22:13.997606Z","level":"info","event":"Job run status: RunLifeCycleState.RUNNING, result state: None","logger":"task.stdout"}
{"timestamp":"2026-08-24T08:22:19.300002Z","level":"info","event":"Job run status: RunLifeCycleState.RUNNING, result state: None","logger":"task.stdout"}
{"timestamp":"2026-08-24T08:22:24.637122Z","level":"info","event":"Job run status: RunLifeCycleState.RUNNING, result state: None","logger":"task.stdout"}
{"timestamp":"2026-08-24T08:22:30.023476Z","level":"info","event":"Job run status: RunLifeCycleState.RUNNING, result state: None","logger":"task.stdout"}
{"timestamp":"2026-08-24T08:22:35.314846Z","level":"info","event":"Job run status: RunLifeCycleState.TERMINATED, result state: RunResultState.SUCCESS","logger":"task.stdout"}
{"timestamp":"2026-08-24T08:22:35.315625Z","level":"info","event":"Job completed successfully!!","logger":"task.stdout"}
{"timestamp":"2026-08-24T08:22:35.314965Z","level":"info","event":"Done. Returned value was: CDC Ingestion Completed","try_number":1,"map_index":-1,"task_id":"ingest_cdc","run_id":"manual__2026-08-24T08:21:03.374044+00:00","dag_id":"orchestrate","ti_id":"01a032db-d730-7a91-856f-30116a887318","logger":"airflow.task.operators.airflow.providers.standard.decorators.python._PythonDecoratedOperator","filename":"python.py","lineno":229}
{"timestamp":"2026-08-24T08:22:35.315273Z","level":"info","event":"::group::Post Execute","try_number":1,"map_index":-1,"task_id":"ingest_cdc","run_id":"manual__2026-08-24T08:21:03.374044+00:00","dag_id":"orchestrate","ti_id":"01a032db-d730-7a91-856f-30116a887318","logger":"task","filename":"task_runner.py","lineno":1580}
{"timestamp":"2026-08-24T08:22:35.315608Z","level":"info","event":"Pushing xcom","ti":"RuntimeTaskInstance(id=UUID('01a032db-d730-7a91-856f-30116a887318'), task_id='ingest_cdc', dag_id='orchestrate', run_id='manual__2026-08-24T08:21:03.374044+00:00', try_number=1, dag_version_id=UUID('01a02f3a-b79a-7e22-bbfd-d3e019bec829'), map_index=-1, hostname='076b02f2c4b2', context_carrier={'traceparent': '00-41183363dea90e822726c9275b9564ae-525b30f5bbb4c406-00'}, queue='default', task=<Task(_PythonDecoratedOperator): ingest_cdc>, bundle_instance=LocalDagBundle(name=dags-folder), max_tries=0, start_date=datetime.datetime(2026, 8, 24, 8, 21, 7, 232830, tzinfo=datetime.timezone.utc), end_date=None, state=<TaskInstanceState.RUNNING: 'running'>, is_mapped=False, rendered_map_index=None, sentry_integration='sentry_sdk.integrations.celery.CeleryIntegration')","try_number":1,"map_index":-1,"task_id":"ingest_cdc","run_id":"manual__2026-08-24T08:21:03.374044+00:00","dag_id":"orchestrate","ti_id":"01a032db-d730-7a91-856f-30116a887318","logger":"task","filename":"task_runner.py","lineno":2280}
{"timestamp":"2026-08-24T08:22:35.362711Z","level":"info","event":"::endgroup::","try_number":1,"map_index":-1,"task_id":"ingest_cdc","run_id":"manual__2026-08-24T08:21:03.374044+00:00","dag_id":"orchestrate","ti_id":"01a032db-d730-7a91-856f-30116a887318","logger":"task","filename":"task_runner.py","lineno":2379}
